###############################################################################
#
# IAR C/C++ Compiler V10.30.1.6000 for 8051               05/May/2021  18:21:33
# Copyright 2004-2018 IAR Systems AB.
# Evaluation license - IAR Embedded Workbench for 8051, Evaluation edition 10.40
#
#    Core               =  plain
#    Code model         =  banked
#    Data model         =  large
#    Calling convention =  xdata reentrant
#    Constant location  =  data_rom
#    Dptr setup         =  1,16
#                          
#    Source file        =  
#        C:\Texas Instruments\2. main recover\Z-Stack 3.0.2\Z-Stack
#        3.0.2\Components\osal\common\OSAL_PwrMgr.c
#    Command line       =  
#        -f C:\users\slavko\Temp\EW38eb.tmp ("C:\Texas Instruments\2. main
#        recover\Z-Stack 3.0.2\Z-Stack
#        3.0.2\Components\osal\common\OSAL_PwrMgr.c" -D BDB_REPORTING -D
#        SECURE=1 -D TC_LINKKEY_JOIN -D NV_INIT -D NV_RESTORE -D xZTOOL_P1 -D
#        xMT_TASK -D xMT_APP_FUNC -D xMT_SYS_FUNC -D xMT_ZDO_FUNC -D
#        xMT_ZDO_MGMT -D xMT_APP_CNF_FUNC -D LCD_SUPPORTED=DEBUG -D
#        MULTICAST_ENABLED=FALSE -D ZCL_READ -D ZCL_DISCOVER -D ZCL_WRITE -D
#        ZCL_BASIC -D ZCL_IDENTIFY -D ZCL_ON_OFF -D ZCL_SCENES -D ZCL_GROUPS -D
#        ZCL_LEVEL_CTRL -D HAL_LED=TRUE -D HAL_KEY=TRUE -D BLINK_LEDS -lC
#        "C:\Texas Instruments\2. main recover\Z-Stack 3.0.2\Z-Stack
#        3.0.2\Projects\zstack\HomeAutomation\SampleLight\CC2530DB\RouterEB\List"
#        -lA "C:\Texas Instruments\2. main recover\Z-Stack 3.0.2\Z-Stack
#        3.0.2\Projects\zstack\HomeAutomation\SampleLight\CC2530DB\RouterEB\List"
#        --diag_suppress Pe001,Pa010 -o "C:\Texas Instruments\2. main
#        recover\Z-Stack 3.0.2\Z-Stack
#        3.0.2\Projects\zstack\HomeAutomation\SampleLight\CC2530DB\RouterEB\Obj"
#        -e --debug --core=plain --dptr=16,1 --data_model=large
#        --code_model=banked --calling_convention=xdata_reentrant
#        --place_constants=data_rom --nr_virtual_regs 16 -f "C:\Texas
#        Instruments\2. main recover\Z-Stack 3.0.2\Z-Stack
#        3.0.2\Projects\zstack\HomeAutomation\SampleLight\CC2530DB\..\..\..\Tools\CC2530DB\f8wRouter.cfg"
#        (-DCPU32MHZ -DROOT=__near_func -DMAC_CFG_APP_PENDING_QUEUE=TRUE
#        -DMAC_CFG_TX_DATA_MAX=5 -DMAC_CFG_TX_MAX=8 -DMAC_CFG_RX_MAX=5
#        -DRTR_NWK) -f "C:\Texas Instruments\2. main recover\Z-Stack
#        3.0.2\Z-Stack
#        3.0.2\Projects\zstack\HomeAutomation\SampleLight\CC2530DB\..\..\..\Tools\CC2530DB\f8wConfig.cfg"
#        (-DZIGBEEPRO -DSECURE=1 -DZG_SECURE_DYNAMIC=0 -DREFLECTOR
#        -DDEFAULT_CHANLIST=0x00000800 -DZDAPP_CONFIG_PAN_ID=0xFFFF
#        -DNWK_START_DELAY=100 -DEXTENDED_JOINING_RANDOM_MASK=0x007F
#        -DBEACON_REQUEST_DELAY=100 -DBEACON_REQ_DELAY_MASK=0x00FF
#        -DLINK_STATUS_JITTER_MASK=0x007F -DROUTE_EXPIRY_TIME=30
#        -DAPSC_ACK_WAIT_DURATION_POLLED=3000 -DNWK_INDIRECT_MSG_TIMEOUT=7
#        -DMAX_RREQ_ENTRIES=8 -DAPSC_MAX_FRAME_RETRIES=3
#        -DNWK_MAX_DATA_RETRIES=2 -DMAX_POLL_FAILURE_RETRIES=2 -DMAX_BCAST=9
#        -DAPS_MAX_GROUPS=16 -DMAX_RTG_ENTRIES=40 -DNWK_MAX_BINDING_ENTRIES=4
#        -DMAX_BINDING_CLUSTER_IDS=4 -DDEFAULT_KEY={0} -DMAC_MAX_FRAME_SIZE=116
#        -DZDNWKMGR_MIN_TRANSMISSIONS=20 "-DCONST=const __code"
#        -DGENERIC=__generic -DRFD_RCVC_ALWAYS_ON=FALSE -DPOLL_RATE=1000
#        -DQUEUED_POLL_RATE=100 -DRESPONSE_POLL_RATE=100 -DREJOIN_POLL_RATE=440
#        -DREJOIN_BACKOFF=900000 -DREJOIN_SCAN=900000 -DENABLE_LED4_DISABLE_S1)
#        -f "C:\Texas Instruments\2. main recover\Z-Stack 3.0.2\Z-Stack
#        3.0.2\Projects\zstack\HomeAutomation\SampleLight\CC2530DB\..\..\..\Tools\CC2530DB\f8wZCL.cfg"
#        -I "C:\Texas Instruments\2. main recover\Z-Stack 3.0.2\Z-Stack
#        3.0.2\Projects\zstack\HomeAutomation\SampleLight\CC2530DB\" -I
#        "C:\Texas Instruments\2. main recover\Z-Stack 3.0.2\Z-Stack
#        3.0.2\Projects\zstack\HomeAutomation\SampleLight\CC2530DB\..\Source\"
#        -I "C:\Texas Instruments\2. main recover\Z-Stack 3.0.2\Z-Stack
#        3.0.2\Projects\zstack\HomeAutomation\SampleLight\CC2530DB\..\..\Source\"
#        -I "C:\Texas Instruments\2. main recover\Z-Stack 3.0.2\Z-Stack
#        3.0.2\Projects\zstack\HomeAutomation\SampleLight\CC2530DB\..\..\..\ZMain\TI2530DB\"
#        -I "C:\Texas Instruments\2. main recover\Z-Stack 3.0.2\Z-Stack
#        3.0.2\Projects\zstack\HomeAutomation\SampleLight\CC2530DB\..\..\..\..\..\Components\hal\include\"
#        -I "C:\Texas Instruments\2. main recover\Z-Stack 3.0.2\Z-Stack
#        3.0.2\Projects\zstack\HomeAutomation\SampleLight\CC2530DB\..\..\..\..\..\Components\hal\target\CC2530EB\"
#        -I "C:\Texas Instruments\2. main recover\Z-Stack 3.0.2\Z-Stack
#        3.0.2\Projects\zstack\HomeAutomation\SampleLight\CC2530DB\..\..\..\..\..\Components\mac\include\"
#        -I "C:\Texas Instruments\2. main recover\Z-Stack 3.0.2\Z-Stack
#        3.0.2\Projects\zstack\HomeAutomation\SampleLight\CC2530DB\..\..\..\..\..\Components\mac\high_level\"
#        -I "C:\Texas Instruments\2. main recover\Z-Stack 3.0.2\Z-Stack
#        3.0.2\Projects\zstack\HomeAutomation\SampleLight\CC2530DB\..\..\..\..\..\Components\mac\low_level\srf04\"
#        -I "C:\Texas Instruments\2. main recover\Z-Stack 3.0.2\Z-Stack
#        3.0.2\Projects\zstack\HomeAutomation\SampleLight\CC2530DB\..\..\..\..\..\Components\mac\low_level\srf04\single_chip\"
#        -I "C:\Texas Instruments\2. main recover\Z-Stack 3.0.2\Z-Stack
#        3.0.2\Projects\zstack\HomeAutomation\SampleLight\CC2530DB\..\..\..\..\..\Components\mt\"
#        -I "C:\Texas Instruments\2. main recover\Z-Stack 3.0.2\Z-Stack
#        3.0.2\Projects\zstack\HomeAutomation\SampleLight\CC2530DB\..\..\..\..\..\Components\osal\include\"
#        -I "C:\Texas Instruments\2. main recover\Z-Stack 3.0.2\Z-Stack
#        3.0.2\Projects\zstack\HomeAutomation\SampleLight\CC2530DB\..\..\..\..\..\Components\services\saddr\"
#        -I "C:\Texas Instruments\2. main recover\Z-Stack 3.0.2\Z-Stack
#        3.0.2\Projects\zstack\HomeAutomation\SampleLight\CC2530DB\..\..\..\..\..\Components\services\sdata\"
#        -I "C:\Texas Instruments\2. main recover\Z-Stack 3.0.2\Z-Stack
#        3.0.2\Projects\zstack\HomeAutomation\SampleLight\CC2530DB\..\..\..\..\..\Components\stack\af\"
#        -I "C:\Texas Instruments\2. main recover\Z-Stack 3.0.2\Z-Stack
#        3.0.2\Projects\zstack\HomeAutomation\SampleLight\CC2530DB\..\..\..\..\..\Components\stack\bdb\"
#        -I "C:\Texas Instruments\2. main recover\Z-Stack 3.0.2\Z-Stack
#        3.0.2\Projects\zstack\HomeAutomation\SampleLight\CC2530DB\..\..\..\..\..\Components\stack\nwk\"
#        -I "C:\Texas Instruments\2. main recover\Z-Stack 3.0.2\Z-Stack
#        3.0.2\Projects\zstack\HomeAutomation\SampleLight\CC2530DB\..\..\..\..\..\Components\stack\bdb\"
#        -I "C:\Texas Instruments\2. main recover\Z-Stack 3.0.2\Z-Stack
#        3.0.2\Projects\zstack\HomeAutomation\SampleLight\CC2530DB\..\..\..\..\..\Components\stack\gp\"
#        -I "C:\Texas Instruments\2. main recover\Z-Stack 3.0.2\Z-Stack
#        3.0.2\Projects\zstack\HomeAutomation\SampleLight\CC2530DB\..\..\..\..\..\Components\stack\sapi\"
#        -I "C:\Texas Instruments\2. main recover\Z-Stack 3.0.2\Z-Stack
#        3.0.2\Projects\zstack\HomeAutomation\SampleLight\CC2530DB\..\..\..\..\..\Components\stack\sec\"
#        -I "C:\Texas Instruments\2. main recover\Z-Stack 3.0.2\Z-Stack
#        3.0.2\Projects\zstack\HomeAutomation\SampleLight\CC2530DB\..\..\..\..\..\Components\stack\sys\"
#        -I "C:\Texas Instruments\2. main recover\Z-Stack 3.0.2\Z-Stack
#        3.0.2\Projects\zstack\HomeAutomation\SampleLight\CC2530DB\..\..\..\..\..\Components\stack\zcl\"
#        -I "C:\Texas Instruments\2. main recover\Z-Stack 3.0.2\Z-Stack
#        3.0.2\Projects\zstack\HomeAutomation\SampleLight\CC2530DB\..\..\..\..\..\Components\stack\zdo\"
#        -I "C:\Texas Instruments\2. main recover\Z-Stack 3.0.2\Z-Stack
#        3.0.2\Projects\zstack\HomeAutomation\SampleLight\CC2530DB\..\..\..\..\..\Components\zmac\"
#        -I "C:\Texas Instruments\2. main recover\Z-Stack 3.0.2\Z-Stack
#        3.0.2\Projects\zstack\HomeAutomation\SampleLight\CC2530DB\..\..\..\..\..\Components\zmac\f8w\"
#        -Ohz --require_prototypes)
#    Locale             =  English_USA.1252
#    List file          =  
#        C:\Texas Instruments\2. main recover\Z-Stack 3.0.2\Z-Stack
#        3.0.2\Projects\zstack\HomeAutomation\SampleLight\CC2530DB\RouterEB\List\OSAL_PwrMgr.lst
#    Object file        =  
#        C:\Texas Instruments\2. main recover\Z-Stack 3.0.2\Z-Stack
#        3.0.2\Projects\zstack\HomeAutomation\SampleLight\CC2530DB\RouterEB\Obj\OSAL_PwrMgr.r51
#
###############################################################################

C:\Texas Instruments\2. main recover\Z-Stack 3.0.2\Z-Stack 3.0.2\Components\osal\common\OSAL_PwrMgr.c
      1          /**************************************************************************************************
      2            Filename:       OSAL_pwrmgr.c
      3            Revised:        $Date: 2014-11-21 16:17:37 -0800 (Fri, 21 Nov 2014) $
      4            Revision:       $Revision: 41218 $
      5          
      6            Description:    This file contains the OSAL Power Management API.
      7          
      8          
      9            Copyright 2004-2014 Texas Instruments Incorporated. All rights reserved.
     10          
     11            IMPORTANT: Your use of this Software is limited to those specific rights
     12            granted under the terms of a software license agreement between the user
     13            who downloaded the software, his/her employer (which must be your employer)
     14            and Texas Instruments Incorporated (the "License").  You may not use this
     15            Software unless you agree to abide by the terms of the License. The License
     16            limits your use, and you acknowledge, that the Software may not be modified,
     17            copied or distributed unless embedded on a Texas Instruments microcontroller
     18            or used solely and exclusively in conjunction with a Texas Instruments radio
     19            frequency transceiver, which is integrated into your product.  Other than for
     20            the foregoing purpose, you may not use, reproduce, copy, prepare derivative
     21            works of, modify, distribute, perform, display or sell this Software and/or
     22            its documentation for any purpose.
     23          
     24            YOU FURTHER ACKNOWLEDGE AND AGREE THAT THE SOFTWARE AND DOCUMENTATION ARE
     25            PROVIDED “AS IS” WITHOUT WARRANTY OF ANY KIND, EITHER EXPRESS OR IMPLIED,
     26            INCLUDING WITHOUT LIMITATION, ANY WARRANTY OF MERCHANTABILITY, TITLE,
     27            NON-INFRINGEMENT AND FITNESS FOR A PARTICULAR PURPOSE. IN NO EVENT SHALL
     28            TEXAS INSTRUMENTS OR ITS LICENSORS BE LIABLE OR OBLIGATED UNDER CONTRACT,
     29            NEGLIGENCE, STRICT LIABILITY, CONTRIBUTION, BREACH OF WARRANTY, OR OTHER
     30            LEGAL EQUITABLE THEORY ANY DIRECT OR INDIRECT DAMAGES OR EXPENSES
     31            INCLUDING BUT NOT LIMITED TO ANY INCIDENTAL, SPECIAL, INDIRECT, PUNITIVE
     32            OR CONSEQUENTIAL DAMAGES, LOST PROFITS OR LOST DATA, COST OF PROCUREMENT
     33            OF SUBSTITUTE GOODS, TECHNOLOGY, SERVICES, OR ANY CLAIMS BY THIRD PARTIES
     34            (INCLUDING BUT NOT LIMITED TO ANY DEFENSE THEREOF), OR OTHER SIMILAR COSTS.
     35          
     36            Should you have any questions regarding your right to use this Software,
     37            contact Texas Instruments Incorporated at www.TI.com.
     38          **************************************************************************************************/
     39          
     40          /*********************************************************************
     41           * INCLUDES
     42           */
     43          
     44          #include "comdef.h"
     45          #include "OnBoard.h"

   \                                 In  segment SFR_AN, at 0xa8
   \   union <unnamed> volatile __sfr _A_IEN0
   \                     _A_IEN0:
   \   000000                DS 1
     46          #include "OSAL.h"
     47          #include "OSAL_Tasks.h"
     48          #include "OSAL_Timers.h"
     49          #include "OSAL_PwrMgr.h"
     50          #include "ZGlobals.h"
     51          
     52          #ifdef USE_ICALL
     53          #include <ICall.h>
     54          #endif /* USE_ICALL */
     55          
     56          #ifdef OSAL_PORT2TIRTOS
     57          /* Direct port to TI-RTOS API */
     58          #if defined CC26XX
     59          #include <ti/sysbios/family/arm/cc26xx/Power.h>
     60          #include <ti/sysbios/family/arm/cc26xx/PowerCC2650.h>
     61          #endif /* CC26XX */
     62          #endif /* OSAL_PORT2TIRTOS */
     63          
     64          /*********************************************************************
     65           * MACROS
     66           */
     67          
     68          /*********************************************************************
     69           * CONSTANTS
     70           */
     71          
     72          /*********************************************************************
     73           * TYPEDEFS
     74           */
     75          
     76          /*********************************************************************
     77           * GLOBAL VARIABLES
     78           */
     79          
     80          /* This global variable stores the power management attributes.
     81           */

   \                                 In  segment XDATA_Z, align 1, keep-with-next
     82          pwrmgr_attribute_t pwrmgr_attribute;
   \                     pwrmgr_attribute:
   \   000000                DS 7
   \   000007                REQUIRE __INIT_XDATA_Z
     83          #if defined USE_ICALL || defined OSAL_PORT2TIRTOS
     84          uint8 pwrmgr_initialized = FALSE;
     85          #endif /* defined USE_ICALL || defined OSAL_PORT2TIRTOS */
     86          
     87          /*********************************************************************
     88           * EXTERNAL VARIABLES
     89           */
     90          
     91          /*********************************************************************
     92           * EXTERNAL FUNCTIONS
     93           */
     94          
     95          /*********************************************************************
     96           * LOCAL VARIABLES
     97           */
     98          
     99          /*********************************************************************
    100           * LOCAL FUNCTION PROTOTYPES
    101           */
    102          
    103          /*********************************************************************
    104           * FUNCTIONS
    105           *********************************************************************/
    106          
    107          /*********************************************************************
    108           * @fn      osal_pwrmgr_init
    109           *
    110           * @brief   Initialize the power management system.
    111           *
    112           * @param   none.
    113           *
    114           * @return  none.
    115           */

   \                                 In  segment BANKED_CODE, align 1, keep-with-next
    116          void osal_pwrmgr_init( void )
   \                     osal_pwrmgr_init:
    117          {
   \   000000   C082         PUSH      DPL
   \   000002   C083         PUSH      DPH
   \   000004                ; Saved register size: 2
   \   000004                ; Auto size: 0
    118          #if !defined USE_ICALL && !defined OSAL_PORT2TIRTOS
    119          #if defined POWER_SAVING && ZSTACK_END_DEVICE_BUILD                  
    120            pwrmgr_attribute.pwrmgr_device = PWRMGR_BATTERY;   // Default to power conservation for ZED if power saving enabled.
    121          #else
    122            pwrmgr_attribute.pwrmgr_device = PWRMGR_ALWAYS_ON; // No power conservation for routing devices.
   \   000004   90....       MOV       DPTR,#pwrmgr_attribute + 6
   \   000007   E4           CLR       A
   \   000008   F0           MOVX      @DPTR,A
    123          #endif
    124          #endif /* USE_ICALL */
    125            pwrmgr_attribute.pwrmgr_task_state = 0;            // Cleared.  All set to conserve
   \   000009   90....       MOV       DPTR,#pwrmgr_attribute
   \   00000C   F0           MOVX      @DPTR,A
   \   00000D   A3           INC       DPTR
   \   00000E                REQUIRE ?Subroutine0
   \   00000E                ; // Fall through to label ?Subroutine0
    126          #if defined USE_ICALL || defined OSAL_PORT2TIRTOS
    127            pwrmgr_initialized = TRUE;
    128          #endif /* defined USE_ICALL || defined OSAL_PORT2TIRTOS */
    129          }

   \                                 In  segment BANKED_CODE, align 1, keep-with-next
   \                     ?Subroutine0:
   \   000000   F0           MOVX      @DPTR,A
   \   000001   D083         POP       DPH
   \   000003   D082         POP       DPL
   \   000005   02....       LJMP      ?BRET
    130          
    131          #if !defined USE_ICALL && !defined OSAL_PORT2TIRTOS
    132          /*********************************************************************
    133           * @fn      osal_pwrmgr_device
    134           *
    135           * @brief   Sets the device power characteristic.
    136           *
    137           * @param   pwrmgr_device - type of power devices. With PWRMGR_ALWAYS_ON
    138           *          selection, there is no power savings and the device is most
    139           *          likely on mains power. The PWRMGR_BATTERY selection allows the
    140           *          HAL sleep manager to enter sleep.
    141           *
    142           * @return  none
    143           */

   \                                 In  segment BANKED_CODE, align 1, keep-with-next
    144          void osal_pwrmgr_device( uint8 pwrmgr_device )
   \                     osal_pwrmgr_device:
    145          {
   \   000000   C082         PUSH      DPL
   \   000002   C083         PUSH      DPH
   \   000004                ; Saved register size: 2
   \   000004                ; Auto size: 0
    146            pwrmgr_attribute.pwrmgr_device = pwrmgr_device;
   \   000004   E9           MOV       A,R1
   \   000005   90....       MOV       DPTR,#pwrmgr_attribute + 6
   \   000008   80..         SJMP      ?Subroutine0
    147          }
    148          #endif /* !defined USE_ICALL && !defined OSAL_PORT2TIRTOS*/
    149          
    150          /*********************************************************************
    151           * @fn      osal_pwrmgr_task_state
    152           *
    153           * @brief   This function is called by each task to state whether or
    154           *          not this task wants to conserve power.
    155           *
    156           * @param   task_id - calling task ID.
    157           *          state - whether the calling task wants to
    158           *          conserve power or not.
    159           *
    160           * @return  SUCCESS if task complete
    161           */

   \                                 In  segment BANKED_CODE, align 1, keep-with-next
    162          uint8 osal_pwrmgr_task_state( uint8 task_id, uint8 state )
   \                     osal_pwrmgr_task_state:
    163          {
   \   000000                REQUIRE ?V0
   \   000000                REQUIRE ?V1
   \   000000   74F6         MOV       A,#-0xa
   \   000002   12....       LCALL     ?BANKED_ENTER_XDATA
   \   000005                ; Saved register size: 10
   \   000005                ; Auto size: 0
    164            halIntState_t intState;
    165          
    166            if ( task_id >= tasksCnt )
   \   000005   90....       MOV       DPTR,#tasksCnt
   \   000008   E0           MOVX      A,@DPTR
   \   000009   F8           MOV       R0,A
   \   00000A   E9           MOV       A,R1
   \   00000B   C3           CLR       C
   \   00000C   98           SUBB      A,R0
   \   00000D   4004         JC        ??osal_pwrmgr_task_state_0
    167              return ( INVALID_TASK );
   \   00000F   7903         MOV       R1,#0x3
   \   000011   803C         SJMP      ??osal_pwrmgr_task_state_1
    168          
    169          #if defined USE_ICALL || defined OSAL_PORT2TIRTOS
    170            if ( !pwrmgr_initialized )
    171            {
    172              /* If voting is made before this module is initialized,
    173               * pwrmgr_task_state will reset later when the module is
    174               * initialized, and cause incorrect activity count.
    175               */
    176              return ( SUCCESS );
    177            }
    178          #endif /* defined USE_ICALL || defined OSAL_PORT2TIRTOS */
    179          
    180            HAL_ENTER_CRITICAL_SECTION( intState );
   \                     ??osal_pwrmgr_task_state_0:
   \   000013   A2AF         MOV       C,0xa8.7
   \   000015   E4           CLR       A
   \   000016   33           RLC       A
   \   000017   FB           MOV       R3,A
   \   000018   C2AF         CLR       0xa8.7
    181          
    182            if ( state == PWRMGR_CONSERVE )
   \   00001A   75..01       MOV       ?V0,#0x1
   \   00001D   75..00       MOV       ?V1,#0x0
   \   000020   E9           MOV       A,R1
   \   000021   78..         MOV       R0,#?V0
   \   000023   12....       LCALL     ?S_SHL
   \   000026   AC..         MOV       R4,?V0
   \   000028   AD..         MOV       R5,?V1
   \   00002A   EA           MOV       A,R2
   \   00002B   7011         JNZ       ??osal_pwrmgr_task_state_2
    183            {
    184          #if defined USE_ICALL || defined OSAL_PORT2TIRTOS
    185              uint16 cache = pwrmgr_attribute.pwrmgr_task_state;
    186          #endif /* defined USE_ICALL || defined OSAL_PORT2TIRTOS */
    187              // Clear the task state flag
    188              pwrmgr_attribute.pwrmgr_task_state &= ~(1 << task_id );
   \   00002D   EC           MOV       A,R4
   \   00002E   F4           CPL       A
   \   00002F   F8           MOV       R0,A
   \   000030   ED           MOV       A,R5
   \   000031   F4           CPL       A
   \   000032   F9           MOV       R1,A
   \   000033   90....       MOV       DPTR,#pwrmgr_attribute
   \   000036   E0           MOVX      A,@DPTR
   \   000037   58           ANL       A,R0
   \   000038   F0           MOVX      @DPTR,A
   \   000039   A3           INC       DPTR
   \   00003A   E0           MOVX      A,@DPTR
   \   00003B   59           ANL       A,R1
   \   00003C   8009         SJMP      ??osal_pwrmgr_task_state_3
    189          #if defined USE_ICALL || defined OSAL_PORT2TIRTOS
    190              if (cache != 0 && pwrmgr_attribute.pwrmgr_task_state == 0)
    191              {
    192          #ifdef USE_ICALL
    193                /* Decrement activity counter */
    194                ICall_pwrUpdActivityCounter(FALSE);
    195          #else /* USE_ICALL */
    196                Power_releaseConstraint(Power_SD_DISALLOW);
    197                Power_releaseConstraint(Power_SB_DISALLOW);
    198          #endif /* USE_ICALL */
    199              }
    200          #endif /* defined USE_ICALL || defined OSAL_PORT2TIRTOS */
    201            }
    202            else
    203            {
    204          #if defined USE_ICALL || defined OSAL_PORT2TIRTOS
    205              if (pwrmgr_attribute.pwrmgr_task_state == 0)
    206              {
    207          #ifdef USE_ICALL
    208                /* Increment activity counter */
    209                ICall_pwrUpdActivityCounter(TRUE);
    210          #else /* USE_ICALL */
    211                Power_setConstraint(Power_SD_DISALLOW);
    212                Power_setConstraint(Power_SB_DISALLOW);
    213          #endif /* USE_ICALL */
    214              }
    215          #endif /* defined USE_ICALL || defined OSAL_PORT2TIRTOS */
    216              // Set the task state flag
    217              pwrmgr_attribute.pwrmgr_task_state |= (1 << task_id);
   \                     ??osal_pwrmgr_task_state_2:
   \   00003E   90....       MOV       DPTR,#pwrmgr_attribute
   \   000041   E0           MOVX      A,@DPTR
   \   000042   4C           ORL       A,R4
   \   000043   F0           MOVX      @DPTR,A
   \   000044   A3           INC       DPTR
   \   000045   E0           MOVX      A,@DPTR
   \   000046   4D           ORL       A,R5
   \                     ??osal_pwrmgr_task_state_3:
   \   000047   F0           MOVX      @DPTR,A
    218            }
    219          
    220            HAL_EXIT_CRITICAL_SECTION( intState );
   \   000048   EB           MOV       A,R3
   \   000049   A2E0         MOV       C,0xE0 /* A   */.0
   \   00004B   92AF         MOV       0xa8.7,C
    221          
    222            return ( SUCCESS );
   \   00004D   7900         MOV       R1,#0x0
   \                     ??osal_pwrmgr_task_state_1:
   \   00004F   7F02         MOV       R7,#0x2
   \   000051   02....       LJMP      ?BANKED_LEAVE_XDATA
   \   000054                REQUIRE _A_IEN0
    223          }
    224          
    225          #if defined( POWER_SAVING ) && !(defined USE_ICALL || defined OSAL_PORT2TIRTOS)
    226          /*********************************************************************
    227           * @fn      osal_pwrmgr_powerconserve
    228           *
    229           * @brief   This function is called from the main OSAL loop when there are
    230           *          no events scheduled and shouldn't be called from anywhere else.
    231           *
    232           * @param   none.
    233           *
    234           * @return  none.
    235           */
    236          void osal_pwrmgr_powerconserve( void )
    237          {
    238            uint32        next;
    239            halIntState_t intState;
    240          
    241            // Should we even look into power conservation
    242            if ( pwrmgr_attribute.pwrmgr_device != PWRMGR_ALWAYS_ON )
    243            {
    244              // Are all tasks in agreement to conserve
    245              if ( pwrmgr_attribute.pwrmgr_task_state == 0 )
    246              {
    247                // Hold off interrupts.
    248                HAL_ENTER_CRITICAL_SECTION( intState );
    249          
    250                // Get next time-out
    251                next = osal_next_timeout();
    252          
    253                // Re-enable interrupts.
    254                HAL_EXIT_CRITICAL_SECTION( intState );
    255          
    256                // Put the processor into sleep mode
    257                OSAL_SET_CPU_INTO_SLEEP( next );
    258              }
    259            }
    260          }
    261          #endif /* POWER_SAVING */
    262          
    263          /*********************************************************************
    264          *********************************************************************/

   Maximum stack usage in bytes:

   ISTACK XSTACK Function
   ------ ------ --------
      2      0   osal_pwrmgr_device
      2      0   osal_pwrmgr_init
      0     10   osal_pwrmgr_task_state


   Segment part sizes:

   Bytes  Function/Label
   -----  --------------
       8  ?Subroutine0
       1  _A_IEN0
      10  osal_pwrmgr_device
      14  osal_pwrmgr_init
      84  osal_pwrmgr_task_state
       7  pwrmgr_attribute
      18  -- Other

 
 116 bytes in segment BANKED_CODE
  18 bytes in segment BANK_RELAYS
   1 byte  in segment SFR_AN
   7 bytes in segment XDATA_Z
 
  18 bytes of CODE     memory
   0 bytes of DATA     memory (+ 1 byte shared)
 116 bytes of HUGECODE memory
   7 bytes of XDATA    memory

Errors: none
Warnings: none
